npx : INFORMATION: Es konnten keine Dateien mit dem angegebenen
In Zeile:1 Zeichen:1
+ npx tsx test-gen.ts 2>&1 | Tee-Object -FilePath test-output.log
+ ~~~~~~~~~~~~~~~~~~~~~~~~
    + CategoryInfo          : NotSpecified: (INFORMATION: Es...dem angegebenen 
   :String) [], RemoteException
    + FullyQualifiedErrorId : NativeCommandError
 
Muster gefunden werden.
INFORMATION: Es konnten keine Dateien mit dem angegebenen
Muster gefunden werden.
Starting direct video generation test...
[Progress 3%] parsing: Analysiere Eingabe... 
[Progress 8%] parsing: Tiefenanalyse des Inhalts... 
{"level":"info","time":"2026-03-15T14:12:48.984Z","pid":33124,"hostname":"Matrix","module":"orchestrator","projectId":"727ed8f8-a2e0-4743-a2db-4bce5200c3e9","msg":"Step 1: Parsing input"}
{"level":"info","time":"2026-03-15T14:12:48.984Z","pid":33124,"hostname":"Matrix","module":"input-parser","msg":"Parsing raw text input"}
{"level":"info","time":"2026-03-15T14:12:48.985Z","pid":33124,"hostname":"Matrix","module":"orchestrator","blocks":1,"msg":"Input parsed"}
{"level":"info","time":"2026-03-15T14:12:48.985Z","pid":33124,"hostname":"Matrix","module":"orchestrator","projectId":"727ed8f8-a2e0-4743-a2db-4bce5200c3e9","msg":"Step 2: Content analysis"}
[Progress 15%] planning: Erstelle Storyboard (Plan-Critique-Revise)... 
{"level":"info","time":"2026-03-15T14:12:51.459Z","pid":33124,"hostname":"Matrix","module":"orchestrator","themes":2,"concepts":4,"complexity":"intermediate","msg":"Content analysis complete"}
{"level":"info","time":"2026-03-15T14:12:51.459Z","pid":33124,"hostname":"Matrix","module":"orchestrator","projectId":"727ed8f8-a2e0-4743-a2db-4bce5200c3e9","msg":"Step 3: Multi-pass storyboard planning"}
{"level":"info","time":"2026-03-15T14:12:51.459Z","pid":33124,"hostname":"Matrix","module":"storyboard-planner","projectId":"727ed8f8-a2e0-4743-a2db-4bce5200c3e9","targetDuration":90,"blocks":1,"msg":"Starting multi-pass storyboard planning"}
[Progress 20%] rendering: Rendere Szenen parallel... 
[Progress 20%] rendering: Szene 1/6: intro: The Magic of Photosynthesis intro: The Magic of Photosynthesis
[Progress 30%] rendering: Szene 2/6: infografik: Unveiling the Process infografik: Unveiling the Process
[Progress 40%] rendering: Szene 3/6: step-by-step: The Light Reactions step-by-step: The Light Reactions
{"level":"info","time":"2026-03-15T14:13:00.927Z","pid":33124,"hostname":"Matrix","module":"reasoning","artifactType":"plan","score":7,"shouldRevise":true,"msg":"Self-critique completed"}
{"level":"info","time":"2026-03-15T14:13:00.927Z","pid":33124,"hostname":"Matrix","module":"reasoning","iteration":1,"score":7,"shouldRevise":true,"msg":"Plan evaluation"}
{"level":"info","time":"2026-03-15T14:13:00.927Z","pid":33124,"hostname":"Matrix","module":"storyboard-planner","iterations":1,"finalScore":7,"scenes":6,"msg":"Storyboard planning complete"}
{"level":"info","time":"2026-03-15T14:13:00.927Z","pid":33124,"hostname":"Matrix","module":"orchestrator","scenes":6,"arc":"Introduction to photosynthesis, exploration of its processes, and its significance for life on Earth.","msg":"Storyboard finalized"}
{"level":"info","time":"2026-03-15T14:13:00.927Z","pid":33124,"hostname":"Matrix","module":"orchestrator","projectId":"727ed8f8-a2e0-4743-a2db-4bce5200c3e9","scenes":6,"msg":"Step 4: Dispatching scenes"}
{"level":"info","time":"2026-03-15T14:13:00.929Z","pid":33124,"hostname":"Matrix","module":"orchestrator","sceneId":"e7eda53b-3e17-4475-9669-494565f95f43","type":"intro","attempt":1,"skipQuality":true,"msg":"Executing scene 1"}
{"level":"info","time":"2026-03-15T14:13:00.929Z","pid":33124,"hostname":"Matrix","agent":"IntroOutroAgent","type":"intro","title":"The Magic of Photosynthesis","msg":"Starting intro/outro agent v3"}
{"level":"info","time":"2026-03-15T14:13:00.930Z","pid":33124,"hostname":"Matrix","module":"orchestrator","sceneId":"4dfa08a0-c3ad-4971-8b6f-e9015a96cdaf","type":"infografik","attempt":1,"skipQuality":false,"msg":"Executing scene 2"}
{"level":"info","time":"2026-03-15T14:13:00.931Z","pid":33124,"hostname":"Matrix","agent":"InfografikAgent","scene":"Unveiling the Process","msg":"Starting infografik pipeline v4"}
{"level":"info","time":"2026-03-15T14:13:00.933Z","pid":33124,"hostname":"Matrix","module":"orchestrator","sceneId":"a2c1ce5b-95f3-4e3e-be7e-7daf4a103336","type":"step-by-step","attempt":1,"skipQuality":false,"msg":"Executing scene 3"}
{"level":"info","time":"2026-03-15T14:13:00.933Z","pid":33124,"hostname":"Matrix","agent":"StepByStepAgent","scene":"The Light Reactions","msg":"Starting step-by-step agent v3"}
{"level":"info","time":"2026-03-15T14:13:01.999Z","pid":33124,"hostname":"Matrix","module":"tts","textLength":177,"voiceId":"21m00Tcm4TlvDq8ikWAM","msg":"Generating ElevenLabs TTS audio"}
{"level":"error","time":"2026-03-15T14:13:02.276Z","pid":33124,"hostname":"Matrix","module":"tts","error":"ElevenLabs TTS error 402: {\"detail\":{\"type\":\"payment_required\",\"code\":\"paid_plan_required\",\"message\":\"Free users cannot use library voices via the API. Please upgrade your subscription to use this voice.\",\"status\":\"payment_required\",\"request_id\":\"a8a18269662ca7cbb665c2194ff6272e\"}}","msg":"ElevenLabs TTS failed ÔÇö falling back to OpenAI TTS"}
{"level":"info","time":"2026-03-15T14:13:02.276Z","pid":33124,"hostname":"Matrix","module":"tts","textLength":177,"msg":"Generating OpenAI TTS audio"}
{"level":"info","time":"2026-03-15T14:13:02.524Z","pid":33124,"hostname":"Matrix","module":"tts","textLength":190,"voiceId":"21m00Tcm4TlvDq8ikWAM","msg":"Generating ElevenLabs TTS audio"}
{"level":"error","time":"2026-03-15T14:13:02.729Z","pid":33124,"hostname":"Matrix","module":"tts","error":"ElevenLabs TTS error 402: {\"detail\":{\"type\":\"payment_required\",\"code\":\"paid_plan_required\",\"message\":\"Free users cannot use library voices via the API. Please upgrade your subscription to use this voice.\",\"status\":\"payment_required\",\"request_id\":\"e8aae93404364ff8b665c2194ff62aa2\"}}","msg":"ElevenLabs TTS failed ÔÇö falling back to OpenAI TTS"}
{"level":"info","time":"2026-03-15T14:13:02.729Z","pid":33124,"hostname":"Matrix","module":"tts","textLength":190,"msg":"Generating OpenAI TTS audio"}
{"level":"info","time":"2026-03-15T14:13:03.987Z","pid":33124,"hostname":"Matrix","agent":"InfografikAgent","keywords":7,"keyPoints":5,"msg":"Plan generated"}
{"level":"info","time":"2026-03-15T14:13:03.987Z","pid":33124,"hostname":"Matrix","module":"tts","textLength":268,"voiceId":"21m00Tcm4TlvDq8ikWAM","msg":"Generating ElevenLabs TTS audio"}
{"level":"error","time":"2026-03-15T14:13:04.192Z","pid":33124,"hostname":"Matrix","module":"tts","error":"ElevenLabs TTS error 402: {\"detail\":{\"type\":\"payment_required\",\"code\":\"paid_plan_required\",\"message\":\"Free users cannot use library voices via the API. Please upgrade your subscription to use this voice.\",\"status\":\"payment_required\",\"request_id\":\"351dccae01c31d64b665c2194ff621db\"}}","msg":"ElevenLabs TTS failed ÔÇö falling back to OpenAI TTS"}
{"level":"info","time":"2026-03-15T14:13:04.192Z","pid":33124,"hostname":"Matrix","module":"tts","textLength":268,"msg":"Generating OpenAI TTS audio"}
{"level":"info","time":"2026-03-15T14:13:05.100Z","pid":33124,"hostname":"Matrix","module":"tts","outPath":"C:\\Users\\mateo\\OneDrive\\Desktop\\EduVids\\tmp\\727ed8f8-a2e0-4743-a2db-4bce5200c3e9\\e7eda53b-3e17-4475-9669-494565f95f43\\intro_audio.mp3","durationSeconds":10.848,"msg":"OpenAI TTS audio generated"}
{"level":"info","time":"2026-03-15T14:13:06.567Z","pid":33124,"hostname":"Matrix","module":"tts","outPath":"C:\\Users\\mateo\\OneDrive\\Desktop\\EduVids\\tmp\\727ed8f8-a2e0-4743-a2db-4bce5200c3e9\\a2c1ce5b-95f3-4e3e-be7e-7daf4a103336\\steps_audio.mp3","durationSeconds":11.64,"msg":"OpenAI TTS audio generated"}
{"level":"info","time":"2026-03-15T14:13:06.718Z","pid":33124,"hostname":"Matrix","module":"narration-segmenter","sceneType":"intro","segmentCount":4,"cues":["title_appear","subtitle_reveal","badge_show","fade_out"],"msg":"Narration segmented successfully"}
{"level":"info","time":"2026-03-15T14:13:06.817Z","pid":33124,"hostname":"Matrix","agent":"IntroOutroAgent","sceneType":"intro","durationSeconds":10.848,"msg":"Rendering + encoding scene (streaming, no disk I/O)"}
{"level":"info","time":"2026-03-15T14:13:07.184Z","pid":33124,"hostname":"Matrix","module":"stream-encoder","sceneType":"intro","totalFrames":326,"durationSeconds":10.848,"outputPath":"C:\\Users\\mateo\\OneDrive\\Desktop\\EduVids\\tmp\\727ed8f8-a2e0-4743-a2db-4bce5200c3e9\\e7eda53b-3e17-4475-9669-494565f95f43\\scene_final.mp4","msg":"Stream-encoding scene"}
(node:33124) MaxListenersExceededWarning: Possible EventEmitter memory leak 
detected. 11 error listeners added to [Socket]. Use emitter.setMaxListeners() 
to increase limit
(Use `node --trace-warnings ...` to show where the warning was created)
{"level":"info","time":"2026-03-15T14:13:08.744Z","pid":33124,"hostname":"Matrix","module":"narration-segmenter","sceneType":"step-by-step","segmentCount":4,"cues":["show_title","reveal_step:0","complete_step:0","fade_out"],"msg":"Narration segmented successfully"}
{"level":"info","time":"2026-03-15T14:13:08.970Z","pid":33124,"hostname":"Matrix","agent":"StepByStepAgent","sceneType":"step-by-step","durationSeconds":11.64,"msg":"Rendering + encoding scene (streaming, no disk I/O)"}
{"level":"info","time":"2026-03-15T14:13:09.408Z","pid":33124,"hostname":"Matrix","module":"stream-encoder","sceneType":"step-by-step","totalFrames":350,"durationSeconds":11.64,"outputPath":"C:\\Users\\mateo\\OneDrive\\Desktop\\EduVids\\tmp\\727ed8f8-a2e0-4743-a2db-4bce5200c3e9\\a2c1ce5b-95f3-4e3e-be7e-7daf4a103336\\scene_final.mp4","msg":"Stream-encoding scene"}
{"level":"info","time":"2026-03-15T14:13:10.631Z","pid":33124,"hostname":"Matrix","module":"tts","outPath":"C:\\Users\\mateo\\OneDrive\\Desktop\\EduVids\\tmp\\727ed8f8-a2e0-4743-a2db-4bce5200c3e9\\4dfa08a0-c3ad-4971-8b6f-e9015a96cdaf\\infografik_audio.mp3","durationSeconds":16.68,"msg":"OpenAI TTS audio generated"}
{"level":"info","time":"2026-03-15T14:13:10.631Z","pid":33124,"hostname":"Matrix","agent":"InfografikAgent","duration":16.68,"msg":"Audio synthesized"}
(node:33124) MaxListenersExceededWarning: Possible EventEmitter memory leak 
detected. 11 error listeners added to [Socket]. Use emitter.setMaxListeners() 
to increase limit
{"level":"info","time":"2026-03-15T14:13:13.276Z","pid":33124,"hostname":"Matrix","module":"narration-segmenter","sceneType":"infografik","segmentCount":3,"cues":["show_title","reveal_point:0","show_image"],"msg":"Narration segmented successfully"}
{"level":"info","time":"2026-03-15T14:13:13.276Z","pid":33124,"hostname":"Matrix","agent":"InfografikAgent","attempt":1,"query":"photosynthesis infographic","msg":"Searching for infographic image"}
{"level":"warn","time":"2026-03-15T14:13:13.276Z","pid":33124,"hostname":"Matrix","service":"image-search","query":"photosynthesis infographic","msg":"PIXABAY_API_KEY not set ÔÇö returning empty results (placeholder images will be generated)"}
{"level":"warn","time":"2026-03-15T14:13:13.276Z","pid":33124,"hostname":"Matrix","agent":"InfografikAgent","attempt":1,"msg":"No image passed coverage check"}
{"level":"info","time":"2026-03-15T14:13:13.276Z","pid":33124,"hostname":"Matrix","agent":"InfografikAgent","attempt":2,"query":"light reactions and Calvin cycle diagram","msg":"Searching for infographic image"}
{"level":"warn","time":"2026-03-15T14:13:13.276Z","pid":33124,"hostname":"Matrix","service":"image-search","query":"light reactions and Calvin cycle diagram","msg":"PIXABAY_API_KEY not set ÔÇö returning empty results (placeholder images will be generated)"}
{"level":"warn","time":"2026-03-15T14:13:13.276Z","pid":33124,"hostname":"Matrix","agent":"InfografikAgent","attempt":2,"msg":"No image passed coverage check"}
{"level":"info","time":"2026-03-15T14:13:13.276Z","pid":33124,"hostname":"Matrix","agent":"InfografikAgent","attempt":3,"query":"chloroplast photosynthesis process","msg":"Searching for infographic image"}
{"level":"warn","time":"2026-03-15T14:13:13.276Z","pid":33124,"hostname":"Matrix","service":"image-search","query":"chloroplast photosynthesis process","msg":"PIXABAY_API_KEY not set ÔÇö returning empty results (placeholder images will be generated)"}
{"level":"warn","time":"2026-03-15T14:13:13.276Z","pid":33124,"hostname":"Matrix","agent":"InfografikAgent","attempt":3,"msg":"No image passed coverage check"}
{"level":"info","time":"2026-03-15T14:13:13.766Z","pid":33124,"hostname":"Matrix","agent":"InfografikAgent","sceneType":"infografik","durationSeconds":16.68,"msg":"Rendering + encoding scene (streaming, no disk I/O)"}
{"level":"info","time":"2026-03-15T14:13:14.753Z","pid":33124,"hostname":"Matrix","module":"stream-encoder","sceneType":"infografik","totalFrames":501,"durationSeconds":16.68,"outputPath":"C:\\Users\\mateo\\OneDrive\\Desktop\\EduVids\\tmp\\727ed8f8-a2e0-4743-a2db-4bce5200c3e9\\4dfa08a0-c3ad-4971-8b6f-e9015a96cdaf\\scene_final.mp4","msg":"Stream-encoding scene"}
(node:33124) MaxListenersExceededWarning: Possible EventEmitter memory leak 
detected. 11 error listeners added to [Socket]. Use emitter.setMaxListeners() 
to increase limit
{"level":"info","time":"2026-03-15T14:13:25.402Z","pid":33124,"hostname":"Matrix","module":"stream-encoder","sceneType":"intro","progress":"20%","frame":65,"total":326,"msg":"Encode progress"}
{"level":"info","time":"2026-03-15T14:13:36.302Z","pid":33124,"hostname":"Matrix","module":"stream-encoder","sceneType":"step-by-step","progress":"20%","frame":70,"total":350,"msg":"Encode progress"}
{"level":"info","time":"2026-03-15T14:13:53.734Z","pid":33124,"hostname":"Matrix","module":"stream-encoder","sceneType":"intro","progress":"40%","frame":130,"total":326,"msg":"Encode progress"}
{"level":"info","time":"2026-03-15T14:13:58.783Z","pid":33124,"hostname":"Matrix","module":"stream-encoder","sceneType":"infografik","progress":"20%","frame":100,"total":501,"msg":"Encode progress"}
{"level":"info","time":"2026-03-15T14:14:06.887Z","pid":33124,"hostname":"Matrix","module":"stream-encoder","sceneType":"step-by-step","progress":"40%","frame":140,"total":350,"msg":"Encode progress"}
{"level":"info","time":"2026-03-15T14:14:22.154Z","pid":33124,"hostname":"Matrix","module":"stream-encoder","sceneType":"intro","progress":"60%","frame":195,"total":326,"msg":"Encode progress"}
{"level":"info","time":"2026-03-15T14:14:37.478Z","pid":33124,"hostname":"Matrix","module":"stream-encoder","sceneType":"step-by-step","progress":"60%","frame":210,"total":350,"msg":"Encode progress"}
{"level":"info","time":"2026-03-15T14:14:42.365Z","pid":33124,"hostname":"Matrix","module":"stream-encoder","sceneType":"infografik","progress":"40%","frame":200,"total":501,"msg":"Encode progress"}
{"level":"info","time":"2026-03-15T14:14:50.332Z","pid":33124,"hostname":"Matrix","module":"stream-encoder","sceneType":"intro","progress":"80%","frame":260,"total":326,"msg":"Encode progress"}
{"level":"info","time":"2026-03-15T14:15:08.154Z","pid":33124,"hostname":"Matrix","module":"stream-encoder","sceneType":"step-by-step","progress":"80%","frame":280,"total":350,"msg":"Encode progress"}
{"level":"info","time":"2026-03-15T14:15:18.988Z","pid":33124,"hostname":"Matrix","module":"stream-encoder","sceneType":"intro","progress":"100%","frame":325,"total":326,"msg":"Encode progress"}
{"level":"info","time":"2026-03-15T14:15:20.041Z","pid":33124,"hostname":"Matrix","module":"stream-encoder","sceneType":"intro","outputPath":"C:\\Users\\mateo\\OneDrive\\Desktop\\EduVids\\tmp\\727ed8f8-a2e0-4743-a2db-4bce5200c3e9\\e7eda53b-3e17-4475-9669-494565f95f43\\scene_final.mp4","msg":"Stream encode complete"}
{"level":"info","time":"2026-03-15T14:15:24.369Z","pid":33124,"hostname":"Matrix","module":"stream-encoder","sceneType":"infografik","progress":"60%","frame":300,"total":501,"msg":"Encode progress"}
{"level":"info","time":"2026-03-15T14:15:33.868Z","pid":33124,"hostname":"Matrix","module":"stream-encoder","sceneType":"step-by-step","outputPath":"C:\\Users\\mateo\\OneDrive\\Desktop\\EduVids\\tmp\\727ed8f8-a2e0-4743-a2db-4bce5200c3e9\\a2c1ce5b-95f3-4e3e-be7e-7daf4a103336\\scene_final.mp4","msg":"Stream encode complete"}
{"level":"info","time":"2026-03-15T14:15:36.522Z","pid":33124,"hostname":"Matrix","module":"quality-scorer","sceneType":"step-by-step","aggregate":7.3,"passes":true,"issues":2,"msg":"Quality score computed"}
{"level":"info","time":"2026-03-15T14:15:36.522Z","pid":33124,"hostname":"Matrix","module":"orchestrator","sceneId":"a2c1ce5b-95f3-4e3e-be7e-7daf4a103336","attempt":1,"score":7.3,"passes":true,"msg":"Scene quality assessed"}
{"level":"info","time":"2026-03-15T14:15:46.936Z","pid":33124,"hostname":"Matrix","module":"stream-encoder","sceneType":"infografik","progress":"80%","frame":400,"total":501,"msg":"Encode progress"}
{"level":"info","time":"2026-03-15T14:16:05.817Z","pid":33124,"hostname":"Matrix","module":"stream-encoder","sceneType":"infografik","progress":"100%","frame":500,"total":501,"msg":"Encode progress"}
{"level":"info","time":"2026-03-15T14:16:06.175Z","pid":33124,"hostname":"Matrix","module":"stream-encoder","sceneType":"infografik","outputPath":"C:\\Users\\mateo\\OneDrive\\Desktop\\EduVids\\tmp\\727ed8f8-a2e0-4743-a2db-4bce5200c3e9\\4dfa08a0-c3ad-4971-8b6f-e9015a96cdaf\\scene_final.mp4","msg":"Stream encode complete"}
[Progress 50%] rendering: Szene 4/6: funfact: Did You Know? funfact: Did You Know?
[Progress 60%] rendering: Szene 5/6: zusammenfassung: Photosynthesis Recap zusammenfassung: Photosynthesis Recap
[Progress 70%] rendering: Szene 6/6: outro: The Power of Green outro: The Power of Green
{"level":"info","time":"2026-03-15T14:16:07.649Z","pid":33124,"hostname":"Matrix","module":"quality-scorer","sceneType":"infografik","aggregate":7.25,"passes":true,"issues":2,"msg":"Quality score computed"}
{"level":"info","time":"2026-03-15T14:16:07.649Z","pid":33124,"hostname":"Matrix","module":"orchestrator","sceneId":"4dfa08a0-c3ad-4971-8b6f-e9015a96cdaf","attempt":1,"score":7.25,"passes":true,"msg":"Scene quality assessed"}
{"level":"info","time":"2026-03-15T14:16:07.650Z","pid":33124,"hostname":"Matrix","module":"orchestrator","sceneId":"5aadead0-83a5-4e07-a55c-bea57f5de89b","type":"funfact","attempt":1,"skipQuality":false,"msg":"Executing scene 4"}
{"level":"info","time":"2026-03-15T14:16:07.650Z","pid":33124,"hostname":"Matrix","agent":"FunfactAgent","scene":"Did You Know?","msg":"Starting funfact agent v3"}
{"level":"info","time":"2026-03-15T14:16:07.651Z","pid":33124,"hostname":"Matrix","module":"orchestrator","sceneId":"cd9e6018-8591-4202-b22b-f31ba2eff7e5","type":"zusammenfassung","attempt":1,"skipQuality":true,"msg":"Executing scene 5"}
{"level":"info","time":"2026-03-15T14:16:07.651Z","pid":33124,"hostname":"Matrix","agent":"ZusammenfassungAgent","scene":"Photosynthesis Recap","msg":"Starting zusammenfassung agent v3"}
{"level":"info","time":"2026-03-15T14:16:07.653Z","pid":33124,"hostname":"Matrix","module":"orchestrator","sceneId":"8a3a84b6-2837-4889-b788-ad9e1df71624","type":"outro","attempt":1,"skipQuality":true,"msg":"Executing scene 6"}
{"level":"info","time":"2026-03-15T14:16:07.653Z","pid":33124,"hostname":"Matrix","agent":"IntroOutroAgent","type":"outro","title":"The Power of Green","msg":"Starting intro/outro agent v3"}
{"level":"info","time":"2026-03-15T14:16:08.696Z","pid":33124,"hostname":"Matrix","module":"tts","textLength":186,"voiceId":"21m00Tcm4TlvDq8ikWAM","msg":"Generating ElevenLabs TTS audio"}
{"level":"error","time":"2026-03-15T14:16:08.978Z","pid":33124,"hostname":"Matrix","module":"tts","error":"ElevenLabs TTS error 402: {\"detail\":{\"type\":\"payment_required\",\"code\":\"paid_plan_required\",\"message\":\"Free users cannot use library voices via the API. Please upgrade your subscription to use this voice.\",\"status\":\"payment_required\",\"request_id\":\"07014e8ff4fb9189b235ac337623867d\"}}","msg":"ElevenLabs TTS failed ÔÇö falling back to OpenAI TTS"}
{"level":"info","time":"2026-03-15T14:16:08.978Z","pid":33124,"hostname":"Matrix","module":"tts","textLength":186,"msg":"Generating OpenAI TTS audio"}
{"level":"info","time":"2026-03-15T14:16:09.207Z","pid":33124,"hostname":"Matrix","module":"tts","textLength":161,"voiceId":"21m00Tcm4TlvDq8ikWAM","msg":"Generating ElevenLabs TTS audio"}
{"level":"error","time":"2026-03-15T14:16:09.391Z","pid":33124,"hostname":"Matrix","module":"tts","error":"ElevenLabs TTS error 402: {\"detail\":{\"type\":\"payment_required\",\"code\":\"paid_plan_required\",\"message\":\"Free users cannot use library voices via the API. Please upgrade your subscription to use this voice.\",\"status\":\"payment_required\",\"request_id\":\"1930e2f938ae2b33b235ac3376238809\"}}","msg":"ElevenLabs TTS failed ÔÇö falling back to OpenAI TTS"}
{"level":"info","time":"2026-03-15T14:16:09.391Z","pid":33124,"hostname":"Matrix","module":"tts","textLength":161,"msg":"Generating OpenAI TTS audio"}
{"level":"info","time":"2026-03-15T14:16:09.396Z","pid":33124,"hostname":"Matrix","module":"tts","textLength":129,"voiceId":"21m00Tcm4TlvDq8ikWAM","msg":"Generating ElevenLabs TTS audio"}
{"level":"error","time":"2026-03-15T14:16:09.612Z","pid":33124,"hostname":"Matrix","module":"tts","error":"ElevenLabs TTS error 402: {\"detail\":{\"type\":\"payment_required\",\"code\":\"paid_plan_required\",\"message\":\"Free users cannot use library voices via the API. Please upgrade your subscription to use this voice.\",\"status\":\"payment_required\",\"request_id\":\"550cb5a31b2c1de2b235ac3376238688\"}}","msg":"ElevenLabs TTS failed ÔÇö falling back to OpenAI TTS"}
{"level":"info","time":"2026-03-15T14:16:09.612Z","pid":33124,"hostname":"Matrix","module":"tts","textLength":129,"msg":"Generating OpenAI TTS audio"}
{"level":"info","time":"2026-03-15T14:16:12.914Z","pid":33124,"hostname":"Matrix","module":"tts","outPath":"C:\\Users\\mateo\\OneDrive\\Desktop\\EduVids\\tmp\\727ed8f8-a2e0-4743-a2db-4bce5200c3e9\\8a3a84b6-2837-4889-b788-ad9e1df71624\\outro_audio.mp3","durationSeconds":11.376,"msg":"OpenAI TTS audio generated"}
{"level":"info","time":"2026-03-15T14:16:13.143Z","pid":33124,"hostname":"Matrix","module":"tts","outPath":"C:\\Users\\mateo\\OneDrive\\Desktop\\EduVids\\tmp\\727ed8f8-a2e0-4743-a2db-4bce5200c3e9\\cd9e6018-8591-4202-b22b-f31ba2eff7e5\\zusammenfassung_audio.mp3","durationSeconds":7.944,"msg":"OpenAI TTS audio generated"}
{"level":"info","time":"2026-03-15T14:16:13.575Z","pid":33124,"hostname":"Matrix","module":"tts","outPath":"C:\\Users\\mateo\\OneDrive\\Desktop\\EduVids\\tmp\\727ed8f8-a2e0-4743-a2db-4bce5200c3e9\\5aadead0-83a5-4e07-a55c-bea57f5de89b\\funfact_audio.mp3","durationSeconds":10.68,"msg":"OpenAI TTS audio generated"}
{"level":"info","time":"2026-03-15T14:16:14.704Z","pid":33124,"hostname":"Matrix","module":"narration-segmenter","sceneType":"outro","segmentCount":5,"cues":["summary_title","bullet:0","bullet:1","bullet:2","closing_message"],"msg":"Narration segmented successfully"}
{"level":"info","time":"2026-03-15T14:16:15.025Z","pid":33124,"hostname":"Matrix","module":"narration-segmenter","sceneType":"zusammenfassung","segmentCount":5,"cues":["summary_title","bullet:0","bullet:1","closing","fade_out"],"msg":"Narration segmented successfully"}
{"level":"info","time":"2026-03-15T14:16:15.050Z","pid":33124,"hostname":"Matrix","module":"narration-segmenter","sceneType":"funfact","segmentCount":3,"cues":["show_header","reveal_fact","fade_out"],"msg":"Narration segmented successfully"}
{"level":"info","time":"2026-03-15T14:16:15.129Z","pid":33124,"hostname":"Matrix","agent":"ZusammenfassungAgent","sceneType":"zusammenfassung","durationSeconds":7.944,"msg":"Rendering + encoding scene (streaming, no disk I/O)"}
{"level":"info","time":"2026-03-15T14:16:15.130Z","pid":33124,"hostname":"Matrix","module":"stream-encoder","sceneType":"zusammenfassung","totalFrames":239,"durationSeconds":7.944,"outputPath":"C:\\Users\\mateo\\OneDrive\\Desktop\\EduVids\\tmp\\727ed8f8-a2e0-4743-a2db-4bce5200c3e9\\cd9e6018-8591-4202-b22b-f31ba2eff7e5\\scene_final.mp4","msg":"Stream-encoding scene"}
{"level":"info","time":"2026-03-15T14:16:15.356Z","pid":33124,"hostname":"Matrix","agent":"FunfactAgent","sceneType":"funfact","durationSeconds":10.68,"msg":"Rendering + encoding scene (streaming, no disk I/O)"}
{"level":"info","time":"2026-03-15T14:16:15.787Z","pid":33124,"hostname":"Matrix","module":"stream-encoder","sceneType":"funfact","totalFrames":321,"durationSeconds":10.68,"outputPath":"C:\\Users\\mateo\\OneDrive\\Desktop\\EduVids\\tmp\\727ed8f8-a2e0-4743-a2db-4bce5200c3e9\\5aadead0-83a5-4e07-a55c-bea57f5de89b\\scene_final.mp4","msg":"Stream-encoding scene"}
(node:33124) MaxListenersExceededWarning: Possible EventEmitter memory leak 
detected. 11 error listeners added to [Socket]. Use emitter.setMaxListeners() 
to increase limit
{"level":"info","time":"2026-03-15T14:16:17.994Z","pid":33124,"hostname":"Matrix","agent":"IntroOutroAgent","sceneType":"outro","durationSeconds":11.376,"msg":"Rendering + encoding scene (streaming, no disk I/O)"}
(node:33124) MaxListenersExceededWarning: Possible EventEmitter memory leak 
detected. 11 error listeners added to [Socket]. Use emitter.setMaxListeners() 
to increase limit
{"level":"info","time":"2026-03-15T14:16:18.958Z","pid":33124,"hostname":"Matrix","module":"stream-encoder","sceneType":"outro","totalFrames":342,"durationSeconds":11.376,"outputPath":"C:\\Users\\mateo\\OneDrive\\Desktop\\EduVids\\tmp\\727ed8f8-a2e0-4743-a2db-4bce5200c3e9\\8a3a84b6-2837-4889-b788-ad9e1df71624\\scene_final.mp4","msg":"Stream-encoding scene"}
(node:33124) MaxListenersExceededWarning: Possible EventEmitter memory leak 
detected. 11 error listeners added to [Socket]. Use emitter.setMaxListeners() 
to increase limit
{"level":"info","time":"2026-03-15T14:16:29.388Z","pid":33124,"hostname":"Matrix","module":"stream-encoder","sceneType":"zusammenfassung","progress":"20%","frame":47,"total":239,"msg":"Encode progress"}
{"level":"info","time":"2026-03-15T14:16:37.219Z","pid":33124,"hostname":"Matrix","module":"stream-encoder","sceneType":"funfact","progress":"20%","frame":64,"total":321,"msg":"Encode progress"}
{"level":"info","time":"2026-03-15T14:16:43.292Z","pid":33124,"hostname":"Matrix","module":"stream-encoder","sceneType":"outro","progress":"20%","frame":68,"total":342,"msg":"Encode progress"}
{"level":"info","time":"2026-03-15T14:16:46.302Z","pid":33124,"hostname":"Matrix","module":"stream-encoder","sceneType":"zusammenfassung","progress":"39%","frame":94,"total":239,"msg":"Encode progress"}
{"level":"info","time":"2026-03-15T14:17:02.126Z","pid":33124,"hostname":"Matrix","module":"stream-encoder","sceneType":"funfact","progress":"40%","frame":128,"total":321,"msg":"Encode progress"}
{"level":"info","time":"2026-03-15T14:17:04.816Z","pid":33124,"hostname":"Matrix","module":"stream-encoder","sceneType":"zusammenfassung","progress":"59%","frame":141,"total":239,"msg":"Encode progress"}
{"level":"info","time":"2026-03-15T14:17:10.365Z","pid":33124,"hostname":"Matrix","module":"stream-encoder","sceneType":"outro","progress":"40%","frame":136,"total":342,"msg":"Encode progress"}
{"level":"info","time":"2026-03-15T14:17:24.276Z","pid":33124,"hostname":"Matrix","module":"stream-encoder","sceneType":"zusammenfassung","progress":"79%","frame":188,"total":239,"msg":"Encode progress"}
{"level":"info","time":"2026-03-15T14:17:28.721Z","pid":33124,"hostname":"Matrix","module":"stream-encoder","sceneType":"funfact","progress":"60%","frame":192,"total":321,"msg":"Encode progress"}
{"level":"info","time":"2026-03-15T14:17:39.127Z","pid":33124,"hostname":"Matrix","module":"stream-encoder","sceneType":"outro","progress":"60%","frame":204,"total":342,"msg":"Encode progress"}
{"level":"info","time":"2026-03-15T14:17:44.568Z","pid":33124,"hostname":"Matrix","module":"stream-encoder","sceneType":"zusammenfassung","progress":"98%","frame":235,"total":239,"msg":"Encode progress"}
{"level":"info","time":"2026-03-15T14:17:47.025Z","pid":33124,"hostname":"Matrix","module":"stream-encoder","sceneType":"zusammenfassung","outputPath":"C:\\Users\\mateo\\OneDrive\\Desktop\\EduVids\\tmp\\727ed8f8-a2e0-4743-a2db-4bce5200c3e9\\cd9e6018-8591-4202-b22b-f31ba2eff7e5\\scene_final.mp4","msg":"Stream encode complete"}
{"level":"info","time":"2026-03-15T14:17:53.334Z","pid":33124,"hostname":"Matrix","module":"stream-encoder","sceneType":"funfact","progress":"80%","frame":256,"total":321,"msg":"Encode progress"}
{"level":"info","time":"2026-03-15T14:18:02.009Z","pid":33124,"hostname":"Matrix","module":"stream-encoder","sceneType":"outro","progress":"80%","frame":272,"total":342,"msg":"Encode progress"}
{"level":"info","time":"2026-03-15T14:18:12.771Z","pid":33124,"hostname":"Matrix","module":"stream-encoder","sceneType":"funfact","progress":"100%","frame":320,"total":321,"msg":"Encode progress"}
{"level":"info","time":"2026-03-15T14:18:13.304Z","pid":33124,"hostname":"Matrix","module":"stream-encoder","sceneType":"funfact","outputPath":"C:\\Users\\mateo\\OneDrive\\Desktop\\EduVids\\tmp\\727ed8f8-a2e0-4743-a2db-4bce5200c3e9\\5aadead0-83a5-4e07-a55c-bea57f5de89b\\scene_final.mp4","msg":"Stream encode complete"}
{"level":"info","time":"2026-03-15T14:18:16.755Z","pid":33124,"hostname":"Matrix","module":"quality-scorer","sceneType":"funfact","aggregate":7.55,"passes":true,"issues":2,"msg":"Quality score computed"}
{"level":"info","time":"2026-03-15T14:18:16.756Z","pid":33124,"hostname":"Matrix","module":"orchestrator","sceneId":"5aadead0-83a5-4e07-a55c-bea57f5de89b","attempt":1,"score":7.55,"passes":true,"msg":"Scene quality assessed"}
{"level":"info","time":"2026-03-15T14:18:18.064Z","pid":33124,"hostname":"Matrix","module":"stream-encoder","sceneType":"outro","progress":"99%","frame":340,"total":342,"msg":"Encode progress"}

ÔòÉÔòÉÔòÉÔòÉÔòÉÔòÉÔòÉÔòÉÔòÉÔòÉÔòÉÔòÉÔòÉÔòÉÔòÉÔòÉÔòÉÔòÉÔòÉÔòÉÔòÉÔòÉÔòÉÔòÉÔòÉÔòÉÔòÉÔòÉÔòÉÔòÉÔòÉÔòÉÔòÉÔòÉÔòÉÔòÉÔòÉÔòÉÔòÉÔòÉÔòÉÔòÉÔòÉÔòÉÔòÉÔòÉÔòÉÔòÉÔòÉÔòÉÔòÉÔòÉÔòÉÔòÉÔòÉÔòÉÔòÉÔòÉÔòÉÔòÉÔòÉÔòÉÔòÉÔòÉÔòÉÔòÉÔòÉÔòÉÔòÉÔòÉÔòÉÔòÉÔòÉÔòÉÔòÉÔòÉÔòÉÔòÉÔòÉÔòÉ
  ­ƒôï SCENE CONTENT DUMP ÔÇö Review what the AI generated
ÔòÉÔòÉÔòÉÔòÉÔòÉÔòÉÔòÉÔòÉÔòÉÔòÉÔòÉÔòÉÔòÉÔòÉÔòÉÔòÉÔòÉÔòÉÔòÉÔòÉÔòÉÔòÉÔòÉÔòÉÔòÉÔòÉÔòÉÔòÉÔòÉÔòÉÔòÉÔòÉÔòÉÔòÉÔòÉÔòÉÔòÉÔòÉÔòÉÔòÉÔòÉÔòÉÔòÉÔòÉÔòÉÔòÉÔòÉÔòÉÔòÉÔòÉÔòÉÔòÉÔòÉÔòÉÔòÉÔòÉÔòÉÔòÉÔòÉÔòÉÔòÉÔòÉÔòÉÔòÉÔòÉÔòÉÔòÉÔòÉÔòÉÔòÉÔòÉÔòÉÔòÉÔòÉÔòÉÔòÉÔòÉÔòÉÔòÉÔòÉ

  ÔöîÔöÇ [INTRO] The Magic of Photosynthesis
  Ôöé  Duration: 10.8s
  Ôöé  Script: "Welcome to our journey into photosynthesis, where plants convert sunlight into energy, producing the oxygen we breath..."
  Ôöé  Segments (4):
  Ôöé    0.0sÔÇô2.5s  [title_appear]  "Welcome to our journey into photosynthesis,"
  Ôöé    2.5sÔÇô5.0s  [subtitle_reveal]  "where plants convert sunlight into energy,"
  Ôöé    5.0sÔÇô8.0s  [badge_show]  "producing the oxygen we breathe and the food we eat."
  Ôöé    8.0sÔÇô10.8s  [fade_out]  "Let's dive into this amazing process!"
  ÔööÔöÇÔöÇÔöÇÔöÇÔöÇÔöÇÔöÇÔöÇÔöÇÔöÇÔöÇÔöÇÔöÇÔöÇÔöÇÔöÇÔöÇÔöÇÔöÇÔöÇÔöÇÔöÇÔöÇÔöÇÔöÇÔöÇÔöÇÔöÇÔöÇÔöÇÔöÇÔöÇÔöÇÔöÇÔöÇÔöÇÔöÇÔöÇÔöÇÔöÇÔöÇÔöÇÔöÇÔöÇÔöÇÔöÇÔöÇÔöÇÔöÇÔöÇÔöÇÔöÇÔöÇÔöÇÔöÇÔöÇÔöÇÔöÇÔöÇÔöÇÔöÇÔöÇÔöÇÔöÇÔöÇÔöÇÔöÇÔöÇÔöÇÔöÇÔöÇÔöÇÔöÇÔöÇÔöÇÔöÇ

  ÔöîÔöÇ [INFOGRAFIK] Unveiling the Process
  Ôöé  Duration: 16.7s
  Ôöé  Script: "Photosynthesis happens in two stages: light reactions and the Calvin cycle. In light reactions, chlorophyll captures ..."
  Ôöé  Segments (3):
  Ôöé    0.0sÔÇô3.5s  [show_title]  "Photosynthesis happens in two stages: light reactions and..."
  Ôöé    3.5sÔÇô8.0s  [reveal_point:0]  "In light reactions, chlorophyll captures sunlight, splitt..."
  Ôöé    8.0sÔÇô16.7s  [show_image]  "The Calvin cycle then uses ATP and NADPH to transform car..."
  ÔööÔöÇÔöÇÔöÇÔöÇÔöÇÔöÇÔöÇÔöÇÔöÇÔöÇÔöÇÔöÇÔöÇÔöÇÔöÇÔöÇÔöÇÔöÇÔöÇÔöÇÔöÇÔöÇÔöÇÔöÇÔöÇÔöÇÔöÇÔöÇÔöÇÔöÇÔöÇÔöÇÔöÇÔöÇÔöÇÔöÇÔöÇÔöÇÔöÇÔöÇÔöÇÔöÇÔöÇÔöÇÔöÇÔöÇÔöÇÔöÇÔöÇÔöÇÔöÇÔöÇÔöÇÔöÇÔöÇÔöÇÔöÇÔöÇÔöÇÔöÇÔöÇÔöÇÔöÇÔöÇÔöÇÔöÇÔöÇÔöÇÔöÇÔöÇÔöÇÔöÇÔöÇÔöÇÔöÇÔöÇ

  ÔöîÔöÇ [STEP-BY-STEP] The Light Reactions
  Ôöé  Duration: 11.6s
  Ôöé  Script: "In photosynthesis, sunlight is first absorbed by chlorophyll. Next, water molecules split, releasing oxygen. Then, en..."
  Ôöé  Segments (4):
  Ôöé    0.0sÔÇô2.9s  [show_title]  "In photosynthesis, sunlight is first absorbed by chloroph..."
  Ôöé    2.9sÔÇô5.3s  [reveal_step:0]  "Next, water molecules split, releasing oxygen."
  Ôöé    5.3sÔÇô8.0s  [complete_step:0]  "Then, energy is transferred to ATP and NADPH."
  Ôöé    8.0sÔÇô11.6s  [fade_out]  "These steps power the Calvin cycle."
  ÔööÔöÇÔöÇÔöÇÔöÇÔöÇÔöÇÔöÇÔöÇÔöÇÔöÇÔöÇÔöÇÔöÇÔöÇÔöÇÔöÇÔöÇÔöÇÔöÇÔöÇÔöÇÔöÇÔöÇÔöÇÔöÇÔöÇÔöÇÔöÇÔöÇÔöÇÔöÇÔöÇÔöÇÔöÇÔöÇÔöÇÔöÇÔöÇÔöÇÔöÇÔöÇÔöÇÔöÇÔöÇÔöÇÔöÇÔöÇÔöÇÔöÇÔöÇÔöÇÔöÇÔöÇÔöÇÔöÇÔöÇÔöÇÔöÇÔöÇÔöÇÔöÇÔöÇÔöÇÔöÇÔöÇÔöÇÔöÇÔöÇÔöÇÔöÇÔöÇÔöÇÔöÇÔöÇÔöÇÔöÇ

  ÔöîÔöÇ [FUNFACT] Did You Know?
  Ôöé  Duration: 10.7s
  Ôöé  Script: "Did you know that one tree can absorb as much carbon dioxide in a year as a car driving 26,000 miles? Thanks to photo..."
  Ôöé  Segments (3):
  Ôöé    0.0sÔÇô5.8s  [show_header]  "Did you know that one tree can absorb as much carbon diox..."
  Ôöé    5.8sÔÇô10.2s  [reveal_fact]  "Thanks to photosynthesis, trees are nature's air purifiers!"
  Ôöé    10.2sÔÇô10.7s  [fade_out]  ""
  ÔööÔöÇÔöÇÔöÇÔöÇÔöÇÔöÇÔöÇÔöÇÔöÇÔöÇÔöÇÔöÇÔöÇÔöÇÔöÇÔöÇÔöÇÔöÇÔöÇÔöÇÔöÇÔöÇÔöÇÔöÇÔöÇÔöÇÔöÇÔöÇÔöÇÔöÇÔöÇÔöÇÔöÇÔöÇÔöÇÔöÇÔöÇÔöÇÔöÇÔöÇÔöÇÔöÇÔöÇÔöÇÔöÇÔöÇÔöÇÔöÇÔöÇÔöÇÔöÇÔöÇÔöÇÔöÇÔöÇÔöÇÔöÇÔöÇÔöÇÔöÇÔöÇÔöÇÔöÇÔöÇÔöÇÔöÇÔöÇÔöÇÔöÇÔöÇÔöÇÔöÇÔöÇÔöÇÔöÇÔöÇ

  ÔöîÔöÇ [ZUSAMMENFASSUNG] Photosynthesis Recap
  Ôöé  Duration: 7.9s
  Ôöé  Script: "Photosynthesis converts sunlight into energy and oxygen, vital for life. Light reactions and the Calvin cycle sustain..."
  Ôöé  Segments (5):
  Ôöé    0.0sÔÇô2.5s  [summary_title]  "Photosynthesis converts sunlight into energy and oxygen,"
  Ôöé    2.5sÔÇô3.5s  [bullet:0]  "vital for life."
  Ôöé    3.5sÔÇô5.7s  [bullet:1]  "Light reactions and the Calvin cycle"
  Ôöé    5.7sÔÇô6.7s  [closing]  "sustain ecosystems."
  Ôöé    6.7sÔÇô7.9s  [fade_out]  ""
  ÔööÔöÇÔöÇÔöÇÔöÇÔöÇÔöÇÔöÇÔöÇÔöÇÔöÇÔöÇÔöÇÔöÇÔöÇÔöÇÔöÇÔöÇÔöÇÔöÇÔöÇÔöÇÔöÇÔöÇÔöÇÔöÇÔöÇÔöÇÔöÇÔöÇÔöÇÔöÇÔöÇÔöÇÔöÇÔöÇÔöÇÔöÇÔöÇÔöÇÔöÇÔöÇÔöÇÔöÇÔöÇÔöÇÔöÇÔöÇÔöÇÔöÇÔöÇÔöÇÔöÇÔöÇÔöÇÔöÇÔöÇÔöÇÔöÇÔöÇÔöÇÔöÇÔöÇÔöÇÔöÇÔöÇÔöÇÔöÇÔöÇÔöÇÔöÇÔöÇÔöÇÔöÇÔöÇÔöÇÔöÇ

  ÔöîÔöÇ [OUTRO] The Power of Green
  Ôöé  Duration: 11.4s
  Ôöé  Script: "Thank you for joining us on this journey through photosynthesis. Remember, each tree is a powerhouse of life, transfo..."
  Ôöé  Segments (5):
  Ôöé    0.0sÔÇô3.0s  [summary_title]  "Thank you for joining us on this journey through photosyn..."
  Ôöé    3.0sÔÇô5.0s  [bullet:0]  "Remember, each tree is a powerhouse of life,"
  Ôöé    5.0sÔÇô7.0s  [bullet:1]  "transforming sunlight into energy"
  Ôöé    7.0sÔÇô9.0s  [bullet:2]  "and sustaining our planet."
  Ôöé    9.0sÔÇô11.4s  [closing_message]  "Keep exploring!"
  ÔööÔöÇÔöÇÔöÇÔöÇÔöÇÔöÇÔöÇÔöÇÔöÇÔöÇÔöÇÔöÇÔöÇÔöÇÔöÇÔöÇÔöÇÔöÇÔöÇÔöÇÔöÇÔöÇÔöÇÔöÇÔöÇÔöÇÔöÇÔöÇÔöÇÔöÇÔöÇÔöÇÔöÇÔöÇÔöÇÔöÇÔöÇÔöÇÔöÇÔöÇÔöÇÔöÇÔöÇÔöÇÔöÇÔöÇÔöÇÔöÇÔöÇÔöÇÔöÇÔöÇÔöÇÔöÇÔöÇÔöÇÔöÇÔöÇÔöÇÔöÇÔöÇÔöÇÔöÇÔöÇÔöÇÔöÇÔöÇÔöÇÔöÇÔöÇÔöÇÔöÇÔöÇÔöÇÔöÇÔöÇ
ÔòÉÔòÉÔòÉÔòÉÔòÉÔòÉÔòÉÔòÉÔòÉÔòÉÔòÉÔòÉÔòÉÔòÉÔòÉÔòÉÔòÉÔòÉÔòÉÔòÉÔòÉÔòÉÔòÉÔòÉÔòÉÔòÉÔòÉÔòÉÔòÉÔòÉÔòÉÔòÉÔòÉÔòÉÔòÉÔòÉÔòÉÔòÉÔòÉÔòÉÔòÉÔòÉÔòÉÔòÉÔòÉÔòÉÔòÉÔòÉÔòÉÔòÉÔòÉÔòÉÔòÉÔòÉÔòÉÔòÉÔòÉÔòÉÔòÉÔòÉÔòÉÔòÉÔòÉÔòÉÔòÉÔòÉÔòÉÔòÉÔòÉÔòÉÔòÉÔòÉÔòÉÔòÉÔòÉÔòÉÔòÉÔòÉÔòÉÔòÉ

[Progress 82%] compositing: Pr├╝fe Koh├ñrenz und ├£berg├ñnge... 
{"level":"info","time":"2026-03-15T14:18:18.638Z","pid":33124,"hostname":"Matrix","module":"stream-encoder","sceneType":"outro","outputPath":"C:\\Users\\mateo\\OneDrive\\Desktop\\EduVids\\tmp\\727ed8f8-a2e0-4743-a2db-4bce5200c3e9\\8a3a84b6-2837-4889-b788-ad9e1df71624\\scene_final.mp4","msg":"Stream encode complete"}
{"level":"info","time":"2026-03-15T14:18:18.639Z","pid":33124,"hostname":"Matrix","module":"orchestrator","outputs":6,"avgQuality":7.18,"msg":"Scene rendering complete"}
{"level":"info","time":"2026-03-15T14:18:18.641Z","pid":33124,"hostname":"Matrix","module":"orchestrator","projectId":"727ed8f8-a2e0-4743-a2db-4bce5200c3e9","msg":"Step 5: Coherence pass"}
[Progress 88%] compositing: Erstelle finales Video... 
[Progress 92%] compositing: FFmpeg-Rendering... 
{"level":"info","time":"2026-03-15T14:18:21.370Z","pid":33124,"hostname":"Matrix","module":"orchestrator","coherenceScore":7,"issues":5,"msg":"Coherence reviewed"}
{"level":"info","time":"2026-03-15T14:18:21.371Z","pid":33124,"hostname":"Matrix","module":"orchestrator","projectId":"727ed8f8-a2e0-4743-a2db-4bce5200c3e9","msg":"Step 6: Assembling timeline"}
{"level":"info","time":"2026-03-15T14:18:21.371Z","pid":33124,"hostname":"Matrix","module":"timeline-assembler","scenes":6,"outputs":6,"msg":"Assembling render timeline"}
{"level":"info","time":"2026-03-15T14:18:21.373Z","pid":33124,"hostname":"Matrix","module":"timeline-assembler","totalDuration":69.168,"validEntries":6,"skippedScenes":0,"msg":"Timeline assembled"}
{"level":"info","time":"2026-03-15T14:18:21.373Z","pid":33124,"hostname":"Matrix","module":"orchestrator","projectId":"727ed8f8-a2e0-4743-a2db-4bce5200c3e9","msg":"Step 6: Building final video"}
{"level":"info","time":"2026-03-15T14:18:21.374Z","pid":33124,"hostname":"Matrix","module":"ffmpeg","projectId":"727ed8f8-a2e0-4743-a2db-4bce5200c3e9","entries":6,"msg":"Building final video"}
{"level":"info","time":"2026-03-15T14:18:23.264Z","pid":33124,"hostname":"Matrix","module":"ffmpeg","validClips":6,"totalEntries":6,"msg":"Scene clips ready, concatenating final video"}
{"level":"warn","time":"2026-03-15T14:18:23.443Z","pid":33124,"hostname":"Matrix","module":"ffmpeg","clip":"C:\\Users\\mateo\\OneDrive\\Desktop\\EduVids\\tmp\\727ed8f8-a2e0-4743-a2db-4bce5200c3e9\\e7eda53b-3e17-4475-9669-494565f95f43\\scene_e7eda53b-3e17-4475-9669-494565f95f43_final.mp4","error":"FFmpeg normalize error: ffmpeg exited with code 1: Conversion failed!\n","msg":"Failed to normalize clip, trying raw"}
{"level":"warn","time":"2026-03-15T14:18:23.632Z","pid":33124,"hostname":"Matrix","module":"ffmpeg","clip":"C:\\Users\\mateo\\OneDrive\\Desktop\\EduVids\\tmp\\727ed8f8-a2e0-4743-a2db-4bce5200c3e9\\4dfa08a0-c3ad-4971-8b6f-e9015a96cdaf\\scene_4dfa08a0-c3ad-4971-8b6f-e9015a96cdaf_final.mp4","error":"FFmpeg normalize error: ffmpeg exited with code 1: Conversion failed!\n","msg":"Failed to normalize clip, trying raw"}
{"level":"warn","time":"2026-03-15T14:18:23.812Z","pid":33124,"hostname":"Matrix","module":"ffmpeg","clip":"C:\\Users\\mateo\\OneDrive\\Desktop\\EduVids\\tmp\\727ed8f8-a2e0-4743-a2db-4bce5200c3e9\\a2c1ce5b-95f3-4e3e-be7e-7daf4a103336\\scene_a2c1ce5b-95f3-4e3e-be7e-7daf4a103336_final.mp4","error":"FFmpeg normalize error: ffmpeg exited with code 1: Conversion failed!\n","msg":"Failed to normalize clip, trying raw"}
{"level":"warn","time":"2026-03-15T14:18:23.990Z","pid":33124,"hostname":"Matrix","module":"ffmpeg","clip":"C:\\Users\\mateo\\OneDrive\\Desktop\\EduVids\\tmp\\727ed8f8-a2e0-4743-a2db-4bce5200c3e9\\5aadead0-83a5-4e07-a55c-bea57f5de89b\\scene_5aadead0-83a5-4e07-a55c-bea57f5de89b_final.mp4","error":"FFmpeg normalize error: ffmpeg exited with code 1: Conversion failed!\n","msg":"Failed to normalize clip, trying raw"}
{"level":"warn","time":"2026-03-15T14:18:24.184Z","pid":33124,"hostname":"Matrix","module":"ffmpeg","clip":"C:\\Users\\mateo\\OneDrive\\Desktop\\EduVids\\tmp\\727ed8f8-a2e0-4743-a2db-4bce5200c3e9\\cd9e6018-8591-4202-b22b-f31ba2eff7e5\\scene_cd9e6018-8591-4202-b22b-f31ba2eff7e5_final.mp4","error":"FFmpeg normalize error: ffmpeg exited with code 1: Conversion failed!\n","msg":"Failed to normalize clip, trying raw"}
{"level":"warn","time":"2026-03-15T14:18:24.363Z","pid":33124,"hostname":"Matrix","module":"ffmpeg","clip":"C:\\Users\\mateo\\OneDrive\\Desktop\\EduVids\\tmp\\727ed8f8-a2e0-4743-a2db-4bce5200c3e9\\8a3a84b6-2837-4889-b788-ad9e1df71624\\scene_8a3a84b6-2837-4889-b788-ad9e1df71624_final.mp4","error":"FFmpeg normalize error: ffmpeg exited with code 1: Conversion failed!\n","msg":"Failed to normalize clip, trying raw"}
[Progress 96%] compositing: Finalisiere Video... 
{"level":"info","time":"2026-03-15T14:18:24.654Z","pid":33124,"hostname":"Matrix","module":"video-validator","filePath":"C:\\Users\\mateo\\OneDrive\\Desktop\\EduVids\\output\\727ed8f8-a2e0-4743-a2db-4bce5200c3e9\\727ed8f8-a2e0-4743-a2db-4bce5200c3e9_final.mp4","duration":69.342969,"issues":0,"msg":"Video validation passed"}
{"level":"info","time":"2026-03-15T14:18:24.654Z","pid":33124,"hostname":"Matrix","module":"ffmpeg","outputPath":"C:\\Users\\mateo\\OneDrive\\Desktop\\EduVids\\output\\727ed8f8-a2e0-4743-a2db-4bce5200c3e9\\727ed8f8-a2e0-4743-a2db-4bce5200c3e9_final.mp4","metadata":{"duration":69.342969,"videoCodec":"h264","audioCodec":"aac","width":1920,"height":1080,"fileSize":2230706},"msg":"Final video validated successfully"}
{"level":"info","time":"2026-03-15T14:18:24.654Z","pid":33124,"hostname":"Matrix","module":"ffmpeg","outputPath":"C:\\Users\\mateo\\OneDrive\\Desktop\\EduVids\\output\\727ed8f8-a2e0-4743-a2db-4bce5200c3e9\\727ed8f8-a2e0-4743-a2db-4bce5200c3e9_final.mp4","msg":"Final video built"}
[Progress 100%] done: Video fertig! 

­ƒÄë Generation complete!
Output Video: C:\Users\mateo\OneDrive\Desktop\EduVids\output\727ed8f8-a2e0-4743-a2db-4bce5200c3e9\727ed8f8-a2e0-4743-a2db-4bce5200c3e9_final.mp4
{"level":"info","time":"2026-03-15T14:18:24.662Z","pid":33124,"hostname":"Matrix","module":"orchestrator","workDir":"C:\\Users\\mateo\\OneDrive\\Desktop\\EduVids\\tmp\\727ed8f8-a2e0-4743-a2db-4bce5200c3e9","msg":"Temp directory cleaned up"}
{"level":"info","time":"2026-03-15T14:18:24.662Z","pid":33124,"hostname":"Matrix","module":"orchestrator","projectId":"727ed8f8-a2e0-4743-a2db-4bce5200c3e9","outputPath":"C:\\Users\\mateo\\OneDrive\\Desktop\\EduVids\\output\\727ed8f8-a2e0-4743-a2db-4bce5200c3e9\\727ed8f8-a2e0-4743-a2db-4bce5200c3e9_final.mp4","validScenes":6,"failedScenes":0,"msg":"Pipeline complete"}
